Archive member included to satisfy reference by file (symbol)

C:/msys64/mingw64/bin/../lib/gcc/x86_64-w64-mingw32/8.2.1/../../../../x86_64-w64-mingw32/lib/../lib/libws2_32.a(dmgss00195.o)
                              C:\msys64\tmp\cc1vz69F.o (__imp_socket)
C:/msys64/mingw64/bin/../lib/gcc/x86_64-w64-mingw32/8.2.1/../../../../x86_64-w64-mingw32/lib/../lib/libws2_32.a(dmgss00194.o)
                              C:\msys64\tmp\cc1vz69F.o (__imp_shutdown)
C:/msys64/mingw64/bin/../lib/gcc/x86_64-w64-mingw32/8.2.1/../../../../x86_64-w64-mingw32/lib/../lib/libws2_32.a(dmgss00193.o)
                              C:\msys64\tmp\ccQHA7kH.o (__imp_setsockopt)
C:/msys64/mingw64/bin/../lib/gcc/x86_64-w64-mingw32/8.2.1/../../../../x86_64-w64-mingw32/lib/../lib/libws2_32.a(dmgss00192.o)
                              C:\msys64\tmp\cc1vz69F.o (__imp_sendto)
C:/msys64/mingw64/bin/../lib/gcc/x86_64-w64-mingw32/8.2.1/../../../../x86_64-w64-mingw32/lib/../lib/libws2_32.a(dmgss00191.o)
                              C:\msys64\tmp\cc1vz69F.o (__imp_send)
C:/msys64/mingw64/bin/../lib/gcc/x86_64-w64-mingw32/8.2.1/../../../../x86_64-w64-mingw32/lib/../lib/libws2_32.a(dmgss00190.o)
                              C:\msys64\tmp\cc1vz69F.o (__imp_select)
C:/msys64/mingw64/bin/../lib/gcc/x86_64-w64-mingw32/8.2.1/../../../../x86_64-w64-mingw32/lib/../lib/libws2_32.a(dmgss00189.o)
                              C:\msys64\tmp\cc1vz69F.o (__imp_recvfrom)
C:/msys64/mingw64/bin/../lib/gcc/x86_64-w64-mingw32/8.2.1/../../../../x86_64-w64-mingw32/lib/../lib/libws2_32.a(dmgss00188.o)
                              C:\msys64\tmp\cc1vz69F.o (__imp_recv)
C:/msys64/mingw64/bin/../lib/gcc/x86_64-w64-mingw32/8.2.1/../../../../x86_64-w64-mingw32/lib/../lib/libws2_32.a(dmgss00185.o)
                              C:\msys64\tmp\cc1vz69F.o (__imp_listen)
C:/msys64/mingw64/bin/../lib/gcc/x86_64-w64-mingw32/8.2.1/../../../../x86_64-w64-mingw32/lib/../lib/libws2_32.a(dmgss00184.o)
                              C:\msys64\tmp\cc1vz69F.o (__imp_ioctlsocket)
C:/msys64/mingw64/bin/../lib/gcc/x86_64-w64-mingw32/8.2.1/../../../../x86_64-w64-mingw32/lib/../lib/libws2_32.a(dmgss00181.o)
                              C:\msys64\tmp\ccQHA7kH.o (__imp_inet_ntoa)
C:/msys64/mingw64/bin/../lib/gcc/x86_64-w64-mingw32/8.2.1/../../../../x86_64-w64-mingw32/lib/../lib/libws2_32.a(dmgss00178.o)
                              C:\msys64\tmp\ccQHA7kH.o (__imp_htonl)
C:/msys64/mingw64/bin/../lib/gcc/x86_64-w64-mingw32/8.2.1/../../../../x86_64-w64-mingw32/lib/../lib/libws2_32.a(dmgss00177.o)
                              C:\msys64\tmp\ccxqqLTc.o (__imp_getsockopt)
C:/msys64/mingw64/bin/../lib/gcc/x86_64-w64-mingw32/8.2.1/../../../../x86_64-w64-mingw32/lib/../lib/libws2_32.a(dmgss00176.o)
                              C:\msys64\tmp\ccQHA7kH.o (__imp_getsockname)
C:/msys64/mingw64/bin/../lib/gcc/x86_64-w64-mingw32/8.2.1/../../../../x86_64-w64-mingw32/lib/../lib/libws2_32.a(dmgss00171.o)
                              C:\msys64\tmp\ccQHA7kH.o (__imp_getpeername)
C:/msys64/mingw64/bin/../lib/gcc/x86_64-w64-mingw32/8.2.1/../../../../x86_64-w64-mingw32/lib/../lib/libws2_32.a(dmgss00170.o)
                              C:\msys64\tmp\ccQHA7kH.o (__imp_getnameinfo)
C:/msys64/mingw64/bin/../lib/gcc/x86_64-w64-mingw32/8.2.1/../../../../x86_64-w64-mingw32/lib/../lib/libws2_32.a(dmgss00169.o)
                              C:\msys64\tmp\ccQHA7kH.o (__imp_gethostname)
C:/msys64/mingw64/bin/../lib/gcc/x86_64-w64-mingw32/8.2.1/../../../../x86_64-w64-mingw32/lib/../lib/libws2_32.a(dmgss00168.o)
                              C:\msys64\tmp\cc1vz69F.o (__imp_gethostbyname)
C:/msys64/mingw64/bin/../lib/gcc/x86_64-w64-mingw32/8.2.1/../../../../x86_64-w64-mingw32/lib/../lib/libws2_32.a(dmgss00167.o)
                              C:\msys64\tmp\cc1vz69F.o (__imp_gethostbyaddr)
C:/msys64/mingw64/bin/../lib/gcc/x86_64-w64-mingw32/8.2.1/../../../../x86_64-w64-mingw32/lib/../lib/libws2_32.a(dmgss00166.o)
                              C:\msys64\tmp\ccQHA7kH.o (__imp_getaddrinfo)
C:/msys64/mingw64/bin/../lib/gcc/x86_64-w64-mingw32/8.2.1/../../../../x86_64-w64-mingw32/lib/../lib/libws2_32.a(dmgss00165.o)
                              C:\msys64\tmp\ccQHA7kH.o (__imp_freeaddrinfo)
C:/msys64/mingw64/bin/../lib/gcc/x86_64-w64-mingw32/8.2.1/../../../../x86_64-w64-mingw32/lib/../lib/libws2_32.a(dmgss00164.o)
                              C:\msys64\tmp\cc1vz69F.o (__imp_connect)
C:/msys64/mingw64/bin/../lib/gcc/x86_64-w64-mingw32/8.2.1/../../../../x86_64-w64-mingw32/lib/../lib/libws2_32.a(dmgss00163.o)
                              C:\msys64\tmp\cc1vz69F.o (__imp_closesocket)
C:/msys64/mingw64/bin/../lib/gcc/x86_64-w64-mingw32/8.2.1/../../../../x86_64-w64-mingw32/lib/../lib/libws2_32.a(dmgss00162.o)
                              C:\msys64\tmp\cc1vz69F.o (__imp_bind)
C:/msys64/mingw64/bin/../lib/gcc/x86_64-w64-mingw32/8.2.1/../../../../x86_64-w64-mingw32/lib/../lib/libws2_32.a(dmgss00161.o)
[...]
Memory Configuration

Name             Origin             Length             Attributes
*default*        0x0000000000000000 0xffffffffffffffff

Linker script and memory map

                0x00000000613c0000                __image_base__ = 0x613c0000
                0x0000000000000000                __dll__ = 0x0
                0x00000000613c0000                __ImageBase = 0x613c0000
                0x0000000000001000                __section_alignment__ = 0x1000
                0x0000000000000200                __file_alignment__ = 0x200
                0x0000000000000004                __major_os_version__ = 0x4
                0x0000000000000000                __minor_os_version__ = 0x0
                0x0000000000000000                __major_image_version__ = 0x0
                0x0000000000000000                __minor_image_version__ = 0x0
                0x0000000000000005                __major_subsystem_version__ = 0x5
                0x0000000000000002                __minor_subsystem_version__ = 0x2
                0x0000000000000003                __subsystem__ = 0x3
                0x0000000000200000                __size_of_stack_reserve__ = 0x200000
                0x0000000000001000                __size_of_stack_commit__ = 0x1000
                0x0000000000100000                __size_of_heap_reserve__ = 0x100000
                0x0000000000001000                __size_of_heap_commit__ = 0x1000
                0x0000000000000000                __loader_flags__ = 0x0
                0x0000000000000000                __dll_characteristics__ = 0x0
LOAD C:/msys64/mingw64/bin/../lib/gcc/x86_64-w64-mingw32/8.2.1/../../../../x86_64-w64-mingw32/lib/../lib/dllcrt2.o
LOAD C:/msys64/mingw64/bin/../lib/gcc/x86_64-w64-mingw32/8.2.1/crtbegin.o
LOAD C:\msys64\tmp\ccfy01SD.o
LOAD C:\msys64\tmp\ccWMuz0v.o
LOAD C:\msys64\tmp\ccFOXHzz.o
LOAD C:\msys64\tmp\ccLjWXKz.o
LOAD C:\msys64\tmp\ccz1diiN.o
LOAD C:\msys64\tmp\ccVizNw9.o
LOAD C:\msys64\tmp\ccjhsTYI.o
LOAD C:\msys64\tmp\ccLt5nLD.o
LOAD C:\msys64\tmp\ccuoZVRF.o
LOAD C:\msys64\tmp\cctFmZYO.o
LOAD C:\msys64\tmp\ccuduyC5.o
LOAD C:\msys64\tmp\ccJuBzPw.o
LOAD C:\msys64\tmp\ccTqPSxT.o
LOAD C:\msys64\tmp\ccXRde14.o
LOAD C:\msys64\tmp\ccpSIAqr.o
LOAD C:\msys64\tmp\ccZkAuiV.o
LOAD C:\msys64\tmp\ccJabTGs.o
LOAD C:\msys64\tmp\ccQHA7kH.o
LOAD C:\msys64\tmp\ccDKFcP3.o
LOAD C:\msys64\tmp\ccRApjM5.o
LOAD C:\msys64\tmp\cc5MSZGd.o
LOAD C:\msys64\tmp\ccxqqLTc.o
LOAD C:\msys64\tmp\ccenaSVZ.o
LOAD C:\msys64\tmp\ccSZ239v.o
LOAD C:\msys64\tmp\ccvj8G4H.o
LOAD C:\msys64\tmp\ccldb7oK.o
LOAD C:\msys64\tmp\cc1vz69F.o
LOAD C:\msys64\tmp\ccXkOUMF.o
LOAD C:\msys64\tmp\cc7I1SCN.o
LOAD C:\msys64\tmp\ccaJ2lTQ.o
LOAD C:\msys64\tmp\ccTYAR93.o
LOAD C:\msys64\tmp\cc2LD5lo.o
LOAD C:\msys64\tmp\cctiLsmQ.o
LOAD C:\msys64\tmp\cckEQkSt.o
LOAD C:\msys64\tmp\ccxxh8wg.o
LOAD C:\msys64\tmp\ccoLUxS8.o
LOAD C:\msys64\tmp\cc5FaVq8.o
LOAD C:\msys64\tmp\ccg4nTgg.o
LOAD C:\msys64\tmp\ccmZReTk.o
LOAD C:\msys64\tmp\ccA4uJAu.o
LOAD C:\msys64\tmp\ccS3faXP.o
LOAD C:\msys64\tmp\ccoUgfsm.o
LOAD C:\msys64\tmp\ccUcMoTZ.o
LOAD C:\msys64\tmp\ccidGW4M.o
LOAD C:\msys64\tmp\ccYk3DtG.o
LOAD C:\msys64\tmp\ccQIpGaD.o
LOAD C:/msys64/mingw64/bin/../lib/gcc/x86_64-w64-mingw32/8.2.1/../../../../x86_64-w64-mingw32/lib/../lib/libws2_32.a
LOAD window/x86_64/libluajit.a
LOAD C:/msys64/mingw64/bin/../lib/gcc/x86_64-w64-mingw32/8.2.1/../../../../x86_64-w64-mingw32/lib/../lib/libmingw32.a
LOAD C:/msys64/mingw64/bin/../lib/gcc/x86_64-w64-mingw32/8.2.1/libgcc.a
LOAD C:/msys64/mingw64/bin/../lib/gcc/x86_64-w64-mingw32/8.2.1/libgcc_eh.a
LOAD C:/msys64/mingw64/bin/../lib/gcc/x86_64-w64-mingw32/8.2.1/../../../../x86_64-w64-mingw32/lib/../lib/libmoldname.a
LOAD C:/msys64/mingw64/bin/../lib/gcc/x86_64-w64-mingw32/8.2.1/../../../../x86_64-w64-mingw32/lib/../lib/libmingwex.a
LOAD C:/msys64/mingw64/bin/../lib/gcc/x86_64-w64-mingw32/8.2.1/../../../../x86_64-w64-mingw32/lib/../lib/libmsvcrt.a
LOAD C:/msys64/mingw64/bin/../lib/gcc/x86_64-w64-mingw32/8.2.1/../../../../x86_64-w64-mingw32/lib/../lib/libpthread.dll.a
LOAD C:/msys64/mingw64/bin/../lib/gcc/x86_64-w64-mingw32/8.2.1/../../../../x86_64-w64-mingw32/lib/../lib/libadvapi32.a
LOAD C:/msys64/mingw64/bin/../lib/gcc/x86_64-w64-mingw32/8.2.1/../../../../x86_64-w64-mingw32/lib/../lib/libshell32.a
LOAD C:/msys64/mingw64/bin/../lib/gcc/x86_64-w64-mingw32/8.2.1/../../../../x86_64-w64-mingw32/lib/../lib/libuser32.a
LOAD C:/msys64/mingw64/bin/../lib/gcc/x86_64-w64-mingw32/8.2.1/../../../../x86_64-w64-mingw32/lib/../lib/libkernel32.a
LOAD C:/msys64/mingw64/bin/../lib/gcc/x86_64-w64-mingw32/8.2.1/../../../../x86_64-w64-mingw32/lib/../lib/libmingw32.a
LOAD C:/msys64/mingw64/bin/../lib/gcc/x86_64-w64-mingw32/8.2.1/libgcc.a
LOAD C:/msys64/mingw64/bin/../lib/gcc/x86_64-w64-mingw32/8.2.1/libgcc_eh.a
LOAD C:/msys64/mingw64/bin/../lib/gcc/x86_64-w64-mingw32/8.2.1/../../../../x86_64-w64-mingw32/lib/../lib/libmoldname.a
LOAD C:/msys64/mingw64/bin/../lib/gcc/x86_64-w64-mingw32/8.2.1/../../../../x86_64-w64-mingw32/lib/../lib/libmingwex.a
LOAD C:/msys64/mingw64/bin/../lib/gcc/x86_64-w64-mingw32/8.2.1/../../../../x86_64-w64-mingw32/lib/../lib/libmsvcrt.a
LOAD C:/msys64/mingw64/bin/../lib/gcc/x86_64-w64-mingw32/8.2.1/crtend.o
                0x0000000000000480                . = SIZEOF_HEADERS
                0x0000000000001000                . = ALIGN (__section_alignment__)

.text           0x00000000613c1000   0x142400
 *(.init)
 *(.text)
 .text          0x00000000613c1000      0x400 C:/msys64/mingw64/bin/../lib/gcc/x86_64-w64-mingw32/8.2.1/../../../../x86_64-w64-mingw32/lib/../lib/dllcrt2.o
                0x00000000613c1050                _CRT_INIT
                0x00000000613c13b0                DllMainCRTStartup
 .text          0x00000000613c1400       0x20 C:/msys64/mingw64/bin/../lib/gcc/x86_64-w64-mingw32/8.2.1/crtbegin.o
                0x00000000613c1400                __gcc_register_frame
                0x00000000613c1410                __gcc_deregister_frame
 .text          0x00000000613c1420     0x6fd0 C:\msys64\tmp\ccfy01SD.o
                0x00000000613c1420                tolua_tag
                0x00000000613c142d                tolua_newudata
                0x00000000613c147a                tolua_rawnetobj
                0x00000000613c1546                tolua_tocbuffer
                0x00000000613c159c                tolua_freebuffer
                0x00000000613c15b8                tolua_getvec2
                0x00000000613c164e                tolua_getvec3
                0x00000000613c16fe                tolua_getvec4
                0x00000000613c17c8                tolua_getquat
                0x00000000613c1892                tolua_getclr
                0x00000000613c195c                tolua_getlayermask
                0x00000000613c19eb                tolua_pushvec2
                0x00000000613c1a54                tolua_pushvec3
                0x00000000613c1ad4                tolua_pushvec4
                0x00000000613c1b66                tolua_pushquat
                0x00000000613c1bf8                tolua_pushclr
                0x00000000613c1c8a                tolua_pushlayermask
                0x00000000613c1cda                tolua_tolstring
                0x00000000613c1d1c                tolua_pushlstring
                0x00000000613c1d50                tolua_newuserdata
                0x00000000613c1d76                tolua_objlen
                0x00000000613c1da1                tolua_toboolean
                0x00000000613c1dce                tolua_tointeger
                0x00000000613c1df1                tolua_loadbuffer
                0x00000000613c1e73                tolua_getfield
                0x00000000613c1f48                tolua_setfield
                0x00000000613c2026                tolua_gettable
                0x00000000613c20f0                tolua_settable
                0x00000000613c2224                tolua_pushcfunction
                0x00000000613c22d7                tolua_argerror
                0x00000000613c23d8                tolua_error
                0x00000000613c241f                tolua_getn
                0x00000000613c2442                tolua_strlen
                0x00000000613c3730                tolua_isvptrtable
                0x00000000613c378b                tolua_setindex
                0x00000000613c37d2                tolua_setnewindex
                0x00000000613c3819                tolua_pushudata
                0x00000000613c3890                tolua_pushnewudata
                0x00000000613c391e                printTable
                0x00000000613c3ae7                initmodulebuffer
                0x00000000613c3b04                pushmodule
                0x00000000613c3bdc                tolua_beginmodule
                0x00000000613c3e49                tolua_endmodule
                0x00000000613c40a9                tolua_beginclass
                0x00000000613c4248                tolua_endclass
                0x00000000613c4277                tolua_beginenum
                0x00000000613c43b7                tolua_endenum
                0x00000000613c43e6                tolua_beginstaticclass
                0x00000000613c44ff                tolua_endstaticclass
                0x00000000613c452e                tolua_constant
                0x00000000613c457a                tolua_function
                0x00000000613c45c3                tolua_variable
                0x00000000613c4763                toluaL_ref
                0x00000000613c4844                toluaL_unref
                0x00000000613c48bb                tolua_getmainstate
                0x00000000613c4905                tolua_getvaluetype
                0x00000000613c49a0                tolua_createtable
                0x00000000613c4b02                tolua_beginpremodule
                0x00000000613c4d1a                tolua_endpremodule
                0x00000000613c4db3                tolua_addpreload
                0x00000000613c4f87                tolua_getclassref
                0x00000000613c4fe8                tolua_pushluatable
                0x00000000613c50cc                tolua_typename
                0x00000000613c5268                tolua_getmetatableref
                0x00000000613c5465                tolua_beginpcall
                0x00000000613c54b1                tolua_pushtraceback
                0x00000000613c54d8                tolua_require
                0x00000000613c5566                tolua_timegettime
                0x00000000613c5a08                tolua_openvptr
                0x00000000613c5aab                tolua_setluabaseridx
                0x00000000613c5b5e                tolua_openpreload
                0x00000000613c5bf8                tolua_opentraceback
                0x00000000613c5cad                tolua_openubox
                0x00000000613c5d38                tolua_openfixedmap
                0x00000000613c5d73                tolua_openvaluetype
                0x00000000613c5daf                tolua_openluavec3
                0x00000000613c5e6e                tolua_openluavec2
                0x00000000613c5f2d                tolua_openluavec4
                0x00000000613c5fec                tolua_openluaclr
                0x00000000613c60ab                tolua_openluaquat
                0x00000000613c616a                tolua_openlualayermask
                0x00000000613c6229                tolua_openupdate
                0x00000000613c6388                tolua_openlualibs
                0x00000000613c6417                NextPowerOfTwo
                0x00000000613c683a                tolua_openlibs
                0x00000000613c698a                tolua_setflag
                0x00000000613c69c5                tolua_getflag
                0x00000000613c69dc                tolua_buffinit
                0x00000000613c6a31                tolua_addlstring
                0x00000000613c6a65                tolua_addstring
                0x00000000613c6a8c                tolua_pushresult
                0x00000000613c6aa8                tolua_addchar
                0x00000000613c6b00                tolua_update
                0x00000000613c6b6b                tolua_lateupdate
                0x00000000613c6ba8                tolua_fixedupdate
                0x00000000613c6cde                tolua_regthis
                0x00000000613c6e0b                tolua_where
                0x00000000613c716b                tolua_getstring
                0x00000000613c7378                tolua_releasestring
                0x00000000613c74bb                timeDelta
                0x00000000613c74e5                getRealData
                0x00000000613c7825                testDll
                0x00000000613c7862                _check2
                0x00000000613c7ef1                _check
                0x00000000613c821a                doCheck
 .text          0x00000000613c83f0      0xee0 C:\msys64\tmp\ccWMuz0v.o
                0x00000000613c845e                _str2long
                0x00000000613c851e                tolua_isint64
                0x00000000613c859c                tolua_pushint64
                0x00000000613c86c1                tolua_toint64
                0x00000000613c8db3                tolua_newint64
                0x00000000613c8eb4                tolua_openint64
 .text          0x00000000613c92d0     0x1050 C:\msys64\tmp\ccFOXHzz.o
                0x00000000613c933e                _str2ulong
                0x00000000613c93fe                tolua_isuint64
                0x00000000613c9484                tolua_pushuint64
                0x00000000613c95a9                tolua_touint64
                0x00000000613c9dab                tolua_newuint64
                0x00000000613c9f0c                tolua_openuint64
 .text          0x00000000613ca320     0x1ab0 C:\msys64\tmp\ccLjWXKz.o
                0x00000000613cbd56                luaopen_pb
 .text          0x00000000613cbdd0     0x2d40 C:\msys64\tmp\ccz1diiN.o
                0x00000000613ce715                pb_decode
                0x00000000613ceaaf                luaopen_protobuf_c
 .text          0x00000000613ceb10     0x1060 C:\msys64\tmp\ccVizNw9.o
                0x00000000613cfae9                luaopen_pdb
 .text          0x00000000613cfb70     0x4640 C:\msys64\tmp\ccjhsTYI.o
                0x00000000613d406e                luaopen_lsqlite3
 .text          0x00000000613d41b0     0x7930 C:\msys64\tmp\ccLt5nLD.o
                0x00000000613db9f8                luaopen_lpeg
 .text          0x00000000613dbae0      0xe00 C:\msys64\tmp\ccuoZVRF.o
                0x00000000613dc8aa                luaopen_struct
 .text          0x00000000613dc8e0      0x6d0 C:\msys64\tmp\cctFmZYO.o
                0x00000000613dca02                strbuf_init
                0x00000000613dcab4                strbuf_new
                0x00000000613dcb04                strbuf_set_increment
                0x00000000613dcba5                strbuf_free
                0x00000000613dcbfb                strbuf_free_to_string
                0x00000000613dccff                strbuf_resize
                0x00000000613dcdbd                strbuf_append_string
                0x00000000613dce63                strbuf_append_fmt
                0x00000000613dceee                strbuf_append_fmt_retry
 .text          0x00000000613dcfb0     0x2710 C:\msys64\tmp\ccuduyC5.o
                0x00000000613df674                luaopen_cjson
                0x00000000613df694                luaopen_cjson_safe
 .text          0x00000000613df6c0      0x4d0 C:\msys64\tmp\ccJuBzPw.o
                0x00000000613df848                fpconv_strtod
                0x00000000613dfaa2                fpconv_g_fmt
                0x00000000613dfb7b                fpconv_init
 .text          0x00000000613dfb90     0xc520 C:\msys64\tmp\ccTqPSxT.o
                0x00000000613eada5                main
 .text          0x00000000613ec0b0    0x98af0 C:\msys64\tmp\ccXRde14.o
                0x00000000613ec0b0                sqlite3_compileoption_used
                0x00000000613ec16b                sqlite3_compileoption_get
                0x00000000613ec2f9                sqlite3_status
                0x00000000613ec3aa                sqlite3_db_status
                0x00000000613ef6a5                sqlite3_vfs_find
                0x00000000613ef7d9                sqlite3_vfs_register
                0x00000000613ef888                sqlite3_vfs_unregister
                0x00000000613efb98                sqlite3_mutex_alloc
                0x00000000613efc0f                sqlite3_mutex_free
                0x00000000613efc36                sqlite3_mutex_enter
                0x00000000613efc5d                sqlite3_mutex_try
                0x00000000613efc8f                sqlite3_mutex_leave
                0x00000000613eff81                sqlite3_release_memory
                0x00000000613f0043                sqlite3_memory_alarm
                0x00000000613f0074                sqlite3_soft_heap_limit64
                0x00000000613f0131                sqlite3_soft_heap_limit
                0x00000000613f033b                sqlite3_memory_used
                0x00000000613f0374                sqlite3_memory_highwater
                0x00000000613f05a0                sqlite3_malloc
                0x00000000613f05db                sqlite3_malloc64
                0x00000000613f08d4                sqlite3_msize
                0x00000000613f08f5                sqlite3_free
                0x00000000613f0bf9                sqlite3_realloc
                0x00000000613f0c3c                sqlite3_realloc64
                0x00000000613f330b                sqlite3_vmprintf
                0x00000000613f3387                sqlite3_mprintf
                0x00000000613f33d5                sqlite3_vsnprintf
                0x00000000613f3447                sqlite3_snprintf
                0x00000000613f353d                sqlite3_log
                0x00000000613f35c7                sqlite3_randomness
                0x00000000613f4b17                sqlite3_stricmp
                0x00000000613f4bcc                sqlite3_strnicmp
                0x00000000613f71e1                sqlite3_win32_write_debug
                0x00000000613f729e                sqlite3_win32_sleep
                0x00000000613f72f6                sqlite3_win32_is_nt
                0x00000000613f7722                sqlite3_win32_mbcs_to_utf8
                0x00000000613f776f                sqlite3_win32_utf8_to_mbcs
                0x00000000613f77bc                sqlite3_win32_set_directory
                0x00000000613fb6c8                sqlite3_os_init
                0x00000000613fb724                sqlite3_os_end
                0x0000000061408fbd                sqlite3_enable_shared_cache
                0x00000000614175d8                sqlite3_backup_init
                0x0000000061417a4d                sqlite3_backup_step
                0x000000006141814f                sqlite3_backup_finish
                0x00000000614182c7                sqlite3_backup_remaining
                0x00000000614182d8                sqlite3_backup_pagecount
                0x000000006141a3a9                sqlite3_sql
                0x00000000614202f1                sqlite3_expired
                0x00000000614203a5                sqlite3_finalize
                0x0000000061420436                sqlite3_reset
                0x00000000614204b9                sqlite3_clear_bindings
                0x000000006142059f                sqlite3_value_blob
                0x0000000061420611                sqlite3_value_bytes
                0x0000000061420631                sqlite3_value_bytes16
                0x0000000061420651                sqlite3_value_double
                0x000000006142067a                sqlite3_value_int
                0x0000000061420695                sqlite3_value_int64
                0x00000000614206b0                sqlite3_value_text
                0x00000000614206d0                sqlite3_value_text16
                0x00000000614206f0                sqlite3_value_text16be
                0x0000000061420710                sqlite3_value_text16le
                0x0000000061420730                sqlite3_value_type
                0x00000000614207f6                sqlite3_result_blob
                0x000000006142083a                sqlite3_result_blob64
                0x00000000614208a1                sqlite3_result_double
                0x00000000614208d1                sqlite3_result_error
                0x0000000061420927                sqlite3_result_error16
                0x000000006142097d                sqlite3_result_int
                0x00000000614209a8                sqlite3_result_int64
                0x00000000614209d2                sqlite3_result_null
                0x00000000614209f4                sqlite3_result_text
                0x0000000061420a38                sqlite3_result_text64
                0x0000000061420aae                sqlite3_result_text16
                0x0000000061420af2                sqlite3_result_text16be
                0x0000000061420b36                sqlite3_result_text16le
                0x0000000061420b7a                sqlite3_result_value
                0x0000000061420ba4                sqlite3_result_zeroblob
                0x0000000061420bcc                sqlite3_result_error_code
                0x0000000061420c3a                sqlite3_result_error_toobig
                0x0000000061420c8b                sqlite3_result_error_nomem
                0x00000000614210b3                sqlite3_step
                0x0000000061421253                sqlite3_user_data
                0x0000000061421269                sqlite3_context_db_handle
                0x00000000614213ef                sqlite3_aggregate_context
                0x0000000061421438                sqlite3_get_auxdata
                0x00000000614214ab                sqlite3_set_auxdata
                0x00000000614215fb                sqlite3_aggregate_count
                0x0000000061421610                sqlite3_column_count
                0x0000000061421646                sqlite3_data_count
                0x00000000614217b9                sqlite3_column_blob
                0x00000000614217f5                sqlite3_column_bytes
                0x000000006142182f                sqlite3_column_bytes16
                0x0000000061421869                sqlite3_column_double
                0x00000000614218ab                sqlite3_column_int
                0x00000000614218e5                sqlite3_column_int64
                0x0000000061421921                sqlite3_column_text
                0x000000006142195d                sqlite3_column_value
                0x00000000614219cf                sqlite3_column_text16
                0x0000000061421a0b                sqlite3_column_type
                0x0000000061421b0e                sqlite3_column_name
                0x0000000061421b3e                sqlite3_column_name16
                0x0000000061421b6e                sqlite3_column_decltype
                0x0000000061421b9e                sqlite3_column_decltype16
                0x0000000061421e9b                sqlite3_bind_blob
                0x0000000061421ee5                sqlite3_bind_blob64
                0x0000000061421f54                sqlite3_bind_double
                0x0000000061421fd8                sqlite3_bind_int
                0x0000000061422008                sqlite3_bind_int64
                0x0000000061422086                sqlite3_bind_null
                0x00000000614220d1                sqlite3_bind_text
                0x000000006142211b                sqlite3_bind_text64
                0x000000006142219a                sqlite3_bind_text16
                0x00000000614221e4                sqlite3_bind_value
                0x000000006142232c                sqlite3_bind_zeroblob
                0x00000000614223a8                sqlite3_bind_parameter_count
                0x00000000614223d9                sqlite3_bind_parameter_name
                0x00000000614224e2                sqlite3_bind_parameter_index
                0x00000000614225ce                sqlite3_transfer_bindings
                0x0000000061422688                sqlite3_db_handle
                0x00000000614226a7                sqlite3_stmt_readonly
                0x00000000614226d0                sqlite3_stmt_busy
                0x0000000061422719                sqlite3_next_stmt
                0x0000000061422774                sqlite3_stmt_status
                0x0000000061423059                sqlite3_value_numeric_type
                0x000000006142cc0c                sqlite3_blob_open
                0x000000006142d34d                sqlite3_blob_close
                0x000000006142d519                sqlite3_blob_read
                0x000000006142d55f                sqlite3_blob_write
                0x000000006142d5a5                sqlite3_blob_bytes
                0x000000006142d5e1                sqlite3_blob_reopen
                0x000000006143f705                sqlite3_set_authorizer
                0x000000006144ba73                sqlite3_strglob
                0x000000006145453a                sqlite3_exec
                0x0000000061454e6b                sqlite3_load_extension
                0x0000000061454f4e                sqlite3_enable_load_extension
                0x0000000061454fba                sqlite3_auto_extension
                0x00000000614550c4                sqlite3_cancel_auto_extension
                0x0000000061455181                sqlite3_reset_auto_extension
                0x000000006145b946                sqlite3_prepare
                0x000000006145b9a1                sqlite3_prepare_v2
                0x000000006145bb99                sqlite3_prepare16
                0x000000006145bbeb                sqlite3_prepare16_v2
                0x0000000061466fdc                sqlite3_get_table
                0x00000000614671fc                sqlite3_free_table
                0x000000006146bbf2                sqlite3_create_module
                0x000000006146bc37                sqlite3_create_module_v2
                0x000000006146ce0e                sqlite3_declare_vtab
                0x000000006146d8e3                sqlite3_vtab_on_conflict
                0x000000006146d90b                sqlite3_vtab_config
                0x000000006147ffae                sqlite3_complete
                0x0000000061480355                sqlite3_complete16
                0x0000000061480405                sqlite3_libversion
                0x0000000061480412                sqlite3_sourceid
                0x000000006148041f                sqlite3_libversion_number
                0x000000006148042a                sqlite3_threadsafe
                0x0000000061480435                sqlite3_initialize
                0x0000000061480637                sqlite3_shutdown
                0x00000000614806c9                sqlite3_config
                0x0000000061480e7b                sqlite3_db_mutex
                0x0000000061480e8d                sqlite3_db_release_memory
                0x0000000061480f2f                sqlite3_db_config
                0x0000000061481203                sqlite3_last_insert_rowid
                0x0000000061481215                sqlite3_changes
                0x0000000061481226                sqlite3_total_changes
                0x0000000061481529                sqlite3_close
                0x0000000061481549                sqlite3_close_v2
                0x0000000061481c25                sqlite3_busy_handler
                0x0000000061481c9e                sqlite3_progress_handler
                0x0000000061481d3b                sqlite3_busy_timeout
                0x0000000061481d92                sqlite3_interrupt
                0x000000006148208f                sqlite3_create_function
                0x00000000614820f7                sqlite3_create_function_v2
                0x0000000061482220                sqlite3_create_function16
                0x00000000614822ef                sqlite3_overload_function
                0x00000000614823d3                sqlite3_trace
                0x000000006148243e                sqlite3_profile
                0x00000000614824a9                sqlite3_commit_hook
                0x0000000061482514                sqlite3_update_hook
                0x000000006148257f                sqlite3_rollback_hook
                0x0000000061482630                sqlite3_wal_autocheckpoint
                0x000000006148267e                sqlite3_wal_hook
                0x00000000614826e9                sqlite3_wal_checkpoint_v2
                0x000000006148280d                sqlite3_wal_checkpoint
                0x0000000061482929                sqlite3_errmsg
                0x00000000614829e1                sqlite3_errmsg16
                0x0000000061482abf                sqlite3_errcode
                0x0000000061482b1b                sqlite3_extended_errcode
                0x0000000061482b6e                sqlite3_errstr
                0x0000000061482d77                sqlite3_limit
                0x0000000061483c29                sqlite3_open
                0x0000000061483c5b                sqlite3_open_v2
                0x0000000061483c96                sqlite3_open16
                0x0000000061483db4                sqlite3_create_collation
                0x0000000061483e01                sqlite3_create_collation_v2
                0x0000000061483e88                sqlite3_create_collation16
                0x0000000061483f4d                sqlite3_collation_needed
                0x0000000061483fb9                sqlite3_collation_needed16
                0x0000000061484025                sqlite3_global_recover
                0x0000000061484030                sqlite3_get_autocommit
                0x00000000614840ea                sqlite3_thread_cleanup
                0x00000000614840f1                sqlite3_table_column_metadata
                0x000000006148444d                sqlite3_sleep
                0x00000000614844ac                sqlite3_extended_result_codes
                0x00000000614844ff                sqlite3_file_control
                0x00000000614845e6                sqlite3_test_control
                0x0000000061484934                sqlite3_uri_parameter
                0x00000000614849c6                sqlite3_uri_boolean
                0x0000000061484a22                sqlite3_uri_int64
                0x0000000061484b13                sqlite3_db_filename
                0x0000000061484b57                sqlite3_db_readonly
 .text          0x0000000061484ba0      0x530 C:\msys64\tmp\ccpSIAqr.o
                0x0000000061484ba0                auxiliar_open
                0x0000000061484baf                auxiliar_newclass
                0x0000000061484cad                auxiliar_tostring
                0x0000000061484dbe                auxiliar_add2group
                0x0000000061484e28                auxiliar_checkboolean
                0x0000000061484e80                auxiliar_checkclass
                0x0000000061484eee                auxiliar_checkgroup
                0x0000000061484f5c                auxiliar_setclass
                0x0000000061484fa4                auxiliar_getgroupudata
                0x0000000061485038                auxiliar_getclassudata
                0x0000000061485067                auxiliar_typeerror
 .text          0x00000000614850d0      0xbe0 C:\msys64\tmp\ccZkAuiV.o
                0x00000000614850d0                buffer_open
                0x00000000614850df                buffer_init
                0x000000006148515b                buffer_meth_getstats
                0x0000000061485208                buffer_meth_setstats
                0x000000006148530d                buffer_meth_send
                0x000000006148550e                buffer_meth_receive
                0x000000006148582e                buffer_isempty
 .text          0x0000000061485cb0      0x370 C:\msys64\tmp\ccJabTGs.o
                0x0000000061485fb0                except_open
 .text          0x0000000061486020     0x1590 C:\msys64\tmp\ccQHA7kH.o
                0x0000000061486020                inet_open
                0x000000006148647b                inet_optfamily
                0x00000000614864c4                inet_optsocktype
                0x000000006148695c                inet_meth_getpeername
                0x0000000061486b2c                inet_meth_getsockname
                0x0000000061486e86                inet_trycreate
                0x0000000061486f0d                inet_trydisconnect
                0x0000000061486fe9                inet_tryconnect
                0x000000006148718a                inet_tryaccept
                0x0000000061487204                inet_trybind
                0x00000000614873a7                inet_aton
                0x00000000614874ca                inet_pton
 .text          0x00000000614875b0       0x90 C:\msys64\tmp\ccDKFcP3.o
                0x00000000614875b0                io_init
                0x00000000614875f6                io_strerror
 .text          0x0000000061487640      0x160 C:\msys64\tmp\ccRApjM5.o
                0x0000000061487736                luaopen_socket_core
 .text          0x00000000614877a0     0x1eb0 C:\msys64\tmp\cc5MSZGd.o
                0x00000000614877a0                luaopen_mime_core
 .text          0x0000000061489650     0x1060 C:\msys64\tmp\ccxqqLTc.o
                0x0000000061489650                opt_meth_setoption
                0x00000000614896fa                opt_meth_getoption
                0x00000000614897a4                opt_set_reuseaddr
                0x00000000614897d6                opt_get_reuseaddr
                0x0000000061489808                opt_set_reuseport
                0x000000006148983a                opt_get_reuseport
                0x000000006148986c                opt_set_tcp_nodelay
                0x000000006148989e                opt_get_tcp_nodelay
                0x00000000614898d0                opt_set_keepalive
                0x0000000061489902                opt_get_keepalive
                0x0000000061489934                opt_set_dontroute
                0x0000000061489966                opt_get_dontroute
                0x0000000061489998                opt_set_broadcast
                0x00000000614899ca                opt_get_broadcast
                0x00000000614899fc                opt_set_ip6_unicast_hops
                0x0000000061489a2e                opt_get_ip6_unicast_hops
                0x0000000061489a60                opt_set_ip6_multicast_hops
                0x0000000061489a92                opt_get_ip6_multicast_hops
                0x0000000061489ac4                opt_set_ip_multicast_loop
                0x0000000061489af6                opt_get_ip_multicast_loop
                0x0000000061489b28                opt_set_ip6_multicast_loop
                0x0000000061489b5a                opt_get_ip6_multicast_loop
                0x0000000061489b8c                opt_set_linger
                0x0000000061489cb4                opt_get_linger
                0x0000000061489d75                opt_set_ip_multicast_ttl
                0x0000000061489da7                opt_set_ip_multicast_if
                0x0000000061489e53                opt_get_ip_multicast_if
                0x0000000061489ee1                opt_set_ip_add_membership
                0x0000000061489f13                opt_set_ip_drop_membersip
                0x0000000061489f45                opt_set_ip6_add_membership
                0x0000000061489f77                opt_set_ip6_drop_membersip
                0x0000000061489fa9                opt_get_ip6_v6only
                0x0000000061489fdb                opt_set_ip6_v6only
                0x000000006148a4d0                opt_get_error
 .text          0x000000006148a6b0      0x9d0 C:\msys64\tmp\ccenaSVZ.o
                0x000000006148a6b0                select_open
 .text          0x000000006148b080      0xe90 C:\msys64\tmp\ccSZ239v.o
                0x000000006148b080                tcp_open
 .text          0x000000006148bf10      0x5b0 C:\msys64\tmp\ccvj8G4H.o
                0x000000006148bf10                timeout_init
                0x000000006148bf40                timeout_get
                0x000000006148c07a                timeout_getstart
                0x000000006148c08d                timeout_getretry
                0x000000006148c200                timeout_markstart
                0x000000006148c228                timeout_gettime
                0x000000006148c2c8                timeout_open
                0x000000006148c2f5                timeout_meth_settimeout
                0x000000006148c3b5                timeout_meth_gettimeout
 .text          0x000000006148c4c0      0xfd0 C:\msys64\tmp\ccldb7oK.o
                0x000000006148c4c0                udp_open
 .text          0x000000006148d490     0x1360 C:\msys64\tmp\cc1vz69F.o
                0x000000006148d490                socket_open
                0x000000006148d51b                socket_close
                0x000000006148d537                socket_waitfd
                0x000000006148d89a                socket_select
                0x000000006148d96e                socket_destroy
                0x000000006148d9b5                socket_shutdown
                0x000000006148d9f3                socket_create
                0x000000006148da4e                socket_connect
                0x000000006148db72                socket_bind
                0x000000006148dbd5                socket_listen
                0x000000006148dc2c                socket_accept
                0x000000006148dce1                socket_send
                0x000000006148dd9c                socket_sendto
                0x000000006148de6c                socket_recv
                0x000000006148df5a                socket_recvfrom
                0x000000006148e058                socket_setblocking
                0x000000006148e091                socket_setnonblocking
                0x000000006148e0ca                socket_gethostbyaddr
                0x000000006148e121                socket_gethostbyname
                0x000000006148e16a                socket_hoststrerror
                0x000000006148e1a5                socket_strerror
                0x000000006148e23c                socket_ioerror
                0x000000006148e722                socket_gaistrerror
 .text          0x000000006148e7f0      0x260 C:\msys64\tmp\ccXkOUMF.o
                0x000000006148e7f0                _pbcM_malloc
                0x000000006148e817                _pbcM_free
                0x000000006148e855                _pbcM_realloc
                0x000000006148e887                _pbcM_memory
                0x000000006148e8aa                _pbcH_new
                0x000000006148e91f                _pbcH_delete
                0x000000006148e97a                _pbcH_alloc
 .text          0x000000006148ea50      0x4b0 C:\msys64\tmp\cc7I1SCN.o
                0x000000006148ea50                _pbcA_open
                0x000000006148ea91                _pbcA_open_heap
                0x000000006148ead6                _pbcA_close
                0x000000006148eb3c                _pbcA_push
                0x000000006148ed03                _pbcA_index
                0x000000006148ed4c                _pbcA_index_p
                0x000000006148ed7e                pbc_array_size
                0x000000006148ed9e                pbc_array_integer
                0x000000006148eddf                pbc_array_real
                0x000000006148ee0e                pbc_array_slice
                0x000000006148ee58                pbc_array_push_integer
                0x000000006148ee8e                pbc_array_push_slice
                0x000000006148eec8                pbc_array_push_real
 .text          0x000000006148ef00      0xb40 C:\msys64\tmp\ccaJ2lTQ.o
                0x000000006148f3ed                _pbcB_register_fields
                0x000000006148f9fe                _pbcB_init
 .text          0x000000006148fa40      0xb30 C:\msys64\tmp\ccTYAR93.o
                0x000000006148ff5d                _pbcC_open_packed
                0x00000000614902c9                _pbcC_open
                0x000000006149050c                _pbcC_close
 .text          0x0000000061490570      0xfd0 C:\msys64\tmp\cc2LD5lo.o
                0x00000000614911ed                pbc_decode
 .text          0x0000000061491540     0x1510 C:\msys64\tmp\cctiLsmQ.o
                0x00000000614915ca                _pbcM_si_new
                0x00000000614917b6                _pbcM_si_delete
                0x00000000614917d2                _pbcM_si_query
                0x0000000061491ab3                _pbcM_ip_new
                0x0000000061491c63                _pbcM_ip_delete
                0x0000000061491dea                _pbcM_ip_combine
                0x0000000061491ea2                _pbcM_ip_query
                0x0000000061491fa1                _pbcM_sp_new
                0x0000000061492083                _pbcM_sp_delete
                0x0000000061492565                _pbcM_sp_insert
                0x00000000614925a9                _pbcM_sp_query_insert
                0x00000000614925e1                _pbcM_sp_query
                0x00000000614926b8                _pbcM_sp_foreach_key
                0x000000006149273a                _pbcM_sp_foreach
                0x00000000614927a9                _pbcM_sp_foreach_ud
                0x0000000061492992                _pbcM_sp_next
 .text          0x0000000061492a50     0x2d50 C:\msys64\tmp\cckEQkSt.o
                0x0000000061492d69                pbc_pattern_set_default
                0x0000000061492fcc                _pbcP_unpack_packed
                0x00000000614938cc                pbc_pattern_close_arrays
                0x0000000061494859                pbc_pattern_pack
                0x00000000614949b4                pbc_pattern_unpack
                0x00000000614950bb                _pbcP_new
                0x000000006149529b                _pattern_new
                0x00000000614954e7                pbc_pattern_new
                0x000000006149577f                pbc_pattern_delete
 .text          0x00000000614957a0      0x8e0 C:\msys64\tmp\ccxxh8wg.o
                0x00000000614957a0                pbc_error
                0x00000000614957d1                _pbcP_get_message
                0x00000000614957fb                pbc_new
                0x000000006149595b                pbc_delete
                0x00000000614959ea                _pbcP_push_enum
                0x0000000061495aba                _pbcP_push_message
                0x0000000061495c7f                _pbcP_init_message
                0x0000000061495ddd                _pbcP_message_default
                0x0000000061495e52                _pbcP_type
                0x0000000061495f89                pbc_type
                0x0000000061495fff                pbc_enum_id
 .text          0x0000000061496080      0xf80 C:\msys64\tmp\ccoLUxS8.o
                0x0000000061496e60                pbc_register
 .text          0x0000000061497000     0x11f0 C:\msys64\tmp\cc5FaVq8.o
                0x0000000061497055                pbc_rmessage_next
                0x0000000061497ce2                pbc_rmessage_new
                0x0000000061497dba                pbc_rmessage_delete
                0x0000000061497de4                pbc_rmessage_string
                0x0000000061497eeb                pbc_rmessage_integer
                0x0000000061497fd7                pbc_rmessage_real
                0x0000000061498075                pbc_rmessage_message
                0x0000000061498176                pbc_rmessage_size
 .text          0x00000000614981f0      0x220 C:\msys64\tmp\ccg4nTgg.o
                0x00000000614981f0                _pbcS_new
                0x0000000061498237                _pbcS_delete
                0x0000000061498270                _pbcS_build
 .text          0x0000000061498410      0x400 C:\msys64\tmp\ccmZReTk.o
                0x0000000061498410                _pbcV_encode32
                0x0000000061498505                _pbcV_encode
                0x0000000061498585                _pbcV_decode
                0x00000000614986f5                _pbcV_zigzag32
                0x0000000061498729                _pbcV_zigzag
                0x0000000061498766                _pbcV_dezigzag64
                0x00000000614987c1                _pbcV_dezigzag32
 .text          0x0000000061498810     0x1870 C:\msys64\tmp\ccA4uJAu.o
                0x00000000614989d4                pbc_wmessage_new
                0x0000000061498a2a                pbc_wmessage_delete
                0x0000000061498dd1                pbc_wmessage_integer
                0x000000006149913d                pbc_wmessage_real
                0x00000000614992e1                pbc_wmessage_string
                0x0000000061499744                pbc_wmessage_message
                0x0000000061499eed                pbc_wmessage_buffer
 .text          0x000000006149a080     0x30a0 C:\msys64\tmp\ccS3faXP.o
                0x000000006149a124                readInt32
                0x000000006149a197                readUint32
                0x000000006149a20a                readUint16
                0x000000006149a257                readUint8
                0x000000006149a294                readBuff
                0x000000006149a389                freeBuff
                0x000000006149a3ce                readBuffInt32
                0x000000006149a461                readBuffInt64
                0x000000006149a4f9                readBuffUint32
                0x000000006149a58c                readBuffFloat
                0x000000006149a5f5                readBuffUint16
                0x000000006149a689                readBuffUint8
                0x000000006149a6e3                readBuffString
                0x000000006149a76a                copyString
                0x000000006149a7f7                readString
                0x000000006149a91c                parseHead
                0x000000006149ab32                protodb_open
                0x000000006149ac0a                freeIndex
                0x000000006149af67                protodb_close
                0x000000006149afff                protodb_getEnv
                0x000000006149b011                loadTableHead
                0x000000006149b175                loadTableProto
                0x000000006149b2bd                readSubIdx
                0x000000006149b8c6                loadOneIndex
                0x000000006149bbfc                loadRecordIndex
                0x000000006149c3e4                checkTableLoad
                0x000000006149c68d                protodb_getByIntId
                0x000000006149c6f8                protodb_getById
                0x000000006149c763                protodb_getLastError
                0x000000006149c785                protodb_getAll
                0x000000006149c88c                searchCascade
                0x000000006149cb61                protodb_getAllByIds
                0x000000006149cdbc                protodb_getTableHeadItem
                0x000000006149ce5b                protodb_getByIds
                0x000000006149d088                protodb_getLen
 .text          0x000000006149d120      0x380 C:\msys64\tmp\ccoUgfsm.o
                0x000000006149d120                mc_malloc
                0x000000006149d1f6                mc_calloc
                0x000000006149d230                mc_realloc
                0x000000006149d375                mc_free
                0x000000006149d3d9                mc_dump
                0x000000006149d3e0                mc_count
                0x000000006149d411                mc_check
 .text          0x000000006149d4a0      0xf60 C:\msys64\tmp\ccUcMoTZ.o
                0x000000006149d4a0                hashmap_new
                0x000000006149d54c                crc32
                0x000000006149d5b5                hashmap_hash_int
                0x000000006149d653                ihashmap_hash_int
                0x000000006149d6d9                hashmap_hash
                0x000000006149d7eb                ihashmap_hash
                0x000000006149d8ec                hashmap_rehash
                0x000000006149da8f                hashmap_put
                0x000000006149dbf7                ihashmap_put
                0x000000006149dd0c                hashmap_get
                0x000000006149de3d                ihashmap_get
                0x000000006149df60                hashmap_iterate
                0x000000006149e02c                validateData
                0x000000006149e0a0                hashmap_remove
                0x000000006149e21f                ihashmap_remove
                0x000000006149e38f                hashmap_free
                0x000000006149e3c6                hashmap_length
 .text          0x000000006149e400     0x1470 C:\msys64\tmp\ccidGW4M.o
                0x000000006149e6a9                __fun1
                0x000000006149e6d0                AES_init_ctx_iv
                0x000000006149e718                AES_ctx_set_iv
                0x000000006149f5ab                AES_ECB_encrypt
                0x000000006149f5d2                __fun2
                0x000000006149f64f                AES_CBC_encrypt_buffer
                0x000000006149f6da                AES_CBC_decrypt_buffer
                0x000000006149f766                AES_CTR_xcrypt_buffer
 .text          0x000000006149f870       0x90 C:\msys64\tmp\ccYk3DtG.o
                0x000000006149f870                updateCRC32
                0x000000006149f8a4                crc32buf
 .text          0x000000006149f900      0xf00 C:\msys64\tmp\ccQIpGaD.o
                0x00000000614a06f2                md5
 .text          0x00000000614a0800        0x8 C:/msys64/mingw64/bin/../lib/gcc/x86_64-w64-mingw32/8.2.1/../../../../x86_64-w64-mingw32/lib/../lib/libws2_32.a(dmgss00195.o)
                0x00000000614a0800                socket
 .text          0x00000000614a0808        0x8 C:/msys64/mingw64/bin/../lib/gcc/x86_64-w64-mingw32/8.2.1/../../../../x86_64-w64-mingw32/lib/../lib/libws2_32.a(dmgss00194.o)
                0x00000000614a0808                shutdown
 .text          0x00000000614a0810        0x8 C:/msys64/mingw64/bin/../lib/gcc/x86_64-w64-mingw32/8.2.1/../../../../x86_64-w64-mingw32/lib/../lib/libws2_32.a(dmgss00193.o)
                0x00000000614a0810                setsockopt
 .text          0x00000000614a0818        0x8 C:/msys64/mingw64/bin/../lib/gcc/x86_64-w64-mingw32/8.2.1/../../../../x86_64-w64-mingw32/lib/../lib/libws2_32.a(dmgss00192.o)
                0x00000000614a0818                sendto
 .text          0x00000000614a0820        0x8 C:/msys64/mingw64/bin/../lib/gcc/x86_64-w64-mingw32/8.2.1/../../../../x86_64-w64-mingw32/lib/../lib/libws2_32.a(dmgss00191.o)
                0x00000000614a0820                send
 .text          0x00000000614a0828        0x8 C:/msys64/mingw64/bin/../lib/gcc/x86_64-w64-mingw32/8.2.1/../../../../x86_64-w64-mingw32/lib/../lib/libws2_32.a(dmgss00190.o)
                0x00000000614a0828                select
 .text          0x00000000614a0830        0x8 C:/msys64/mingw64/bin/../lib/gcc/x86_64-w64-mingw32/8.2.1/../../../../x86_64-w64-mingw32/lib/../lib/libws2_32.a(dmgss00189.o)
                0x00000000614a0830                recvfrom
 .text          0x00000000614a0838        0x8 C:/msys64/mingw64/bin/../lib/gcc/x86_64-w64-mingw32/8.2.1/../../../../x86_64-w64-mingw32/lib/../lib/libws2_32.a(dmgss00188.o)
                0x00000000614a0838                recv
 .text          0x00000000614a0840        0x8 C:/msys64/mingw64/bin/../lib/gcc/x86_64-w64-mingw32/8.2.1/../../../../x86_64-w64-mingw32/lib/../lib/libws2_32.a(dmgss00185.o)
                0x00000000614a0840                listen
 .text          0x00000000614a0848        0x8 C:/msys64/mingw64/bin/../lib/gcc/x86_64-w64-mingw32/8.2.1/../../../../x86_64-w64-mingw32/lib/../lib/libws2_32.a(dmgss00184.o)
                0x00000000614a0848                ioctlsocket
 .text          0x00000000614a0850        0x8 C:/msys64/mingw64/bin/../lib/gcc/x86_64-w64-mingw32/8.2.1/../../../../x86_64-w64-mingw32/lib/../lib/libws2_32.a(dmgss00181.o)
                0x00000000614a0850                inet_ntoa
 .text          0x00000000614a0858        0x8 C:/msys64/mingw64/bin/../lib/gcc/x86_64-w64-mingw32/8.2.1/../../../../x86_64-w64-mingw32/lib/../lib/libws2_32.a(dmgss00178.o)
                0x00000000614a0858                htonl
 .text          0x00000000614a0860        0x8 C:/msys64/mingw64/bin/../lib/gcc/x86_64-w64-mingw32/8.2.1/../../../../x86_64-w64-mingw32/lib/../lib/libws2_32.a(dmgss00177.o)
                0x00000000614a0860                getsockopt
 .text          0x00000000614a0868        0x8 C:/msys64/mingw64/bin/../lib/gcc/x86_64-w64-mingw32/8.2.1/../../../../x86_64-w64-mingw32/lib/../lib/libws2_32.a(dmgss00176.o)
                0x00000000614a0868                getsockname
 .text          0x00000000614a0870        0x8 C:/msys64/mingw64/bin/../lib/gcc/x86_64-w64-mingw32/8.2.1/../../../../x86_64-w64-mingw32/lib/../lib/libws2_32.a(dmgss00171.o)
                0x00000000614a0870                getpeername
 .text          0x00000000614a0878        0x8 C:/msys64/mingw64/bin/../lib/gcc/x86_64-w64-mingw32/8.2.1/../../../../x86_64-w64-mingw32/lib/../lib/libws2_32.a(dmgss00170.o)
                0x00000000614a0878                getnameinfo
 .text          0x00000000614a0880        0x8 C:/msys64/mingw64/bin/../lib/gcc/x86_64-w64-mingw32/8.2.1/../../../../x86_64-w64-mingw32/lib/../lib/libws2_32.a(dmgss00169.o)
                0x00000000614a0880                gethostname
 .text          0x00000000614a0888        0x8 C:/msys64/mingw64/bin/../lib/gcc/x86_64-w64-mingw32/8.2.1/../../../../x86_64-w64-mingw32/lib/../lib/libws2_32.a(dmgss00168.o)
                0x00000000614a0888                gethostbyname
 .text          0x00000000614a0890        0x8 C:/msys64/mingw64/bin/../lib/gcc/x86_64-w64-mingw32/8.2.1/../../../../x86_64-w64-mingw32/lib/../lib/libws2_32.a(dmgss00167.o)
                0x00000000614a0890                gethostbyaddr
 .text          0x00000000614a0898        0x8 C:/msys64/mingw64/bin/../lib/gcc/x86_64-w64-mingw32/8.2.1/../../../../x86_64-w64-mingw32/lib/../lib/libws2_32.a(dmgss00166.o)
                0x00000000614a0898                getaddrinfo
 .text          0x00000000614a08a0        0x8 C:/msys64/mingw64/bin/../lib/gcc/x86_64-w64-mingw32/8.2.1/../../../../x86_64-w64-mingw32/lib/../lib/libws2_32.a(dmgss00165.o)
                0x00000000614a08a0                freeaddrinfo
 .text          0x00000000614a08a8        0x8 C:/msys64/mingw64/bin/../lib/gcc/x86_64-w64-mingw32/8.2.1/../../../../x86_64-w64-mingw32/lib/../lib/libws2_32.a(dmgss00164.o)
                0x00000000614a08a8                connect
 .text          0x00000000614a08b0        0x8 C:/msys64/mingw64/bin/../lib/gcc/x86_64-w64-mingw32/8.2.1/../../../../x86_64-w64-mingw32/lib/../lib/libws2_32.a(dmgss00163.o)
                0x00000000614a08b0                closesocket
 .text          0x00000000614a08b8        0x8 C:/msys64/mingw64/bin/../lib/gcc/x86_64-w64-mingw32/8.2.1/../../../../x86_64-w64-mingw32/lib/../lib/libws2_32.a(dmgss00162.o)
                0x00000000614a08b8                bind
 .text          0x00000000614a08c0        0x8 C:/msys64/mingw64/bin/../lib/gcc/x86_64-w64-mingw32/8.2.1/../../../../x86_64-w64-mingw32/lib/../lib/libws2_32.a(dmgss00161.o)
                0x00000000614a08c0                accept
 .text          0x00000000614a08c8        0x8 C:/msys64/mingw64/bin/../lib/gcc/x86_64-w64-mingw32/8.2.1/../../../../x86_64-w64-mingw32/lib/../lib/libws2_32.a(dmgss00160.o)
                0x00000000614a08c8                __WSAFDIsSet
 .text          0x00000000614a08d0        0x8 C:/msys64/mingw64/bin/../lib/gcc/x86_64-w64-mingw32/8.2.1/../../../../x86_64-w64-mingw32/lib/../lib/libws2_32.a(dmgss00088.o)
                0x00000000614a08d0                WSAStartup
 .text          0x00000000614a08d8        0x8 C:/msys64/mingw64/bin/../lib/gcc/x86_64-w64-mingw32/8.2.1/../../../../x86_64-w64-mingw32/lib/../lib/libws2_32.a(dmgss00047.o)
                0x00000000614a08d8                WSAGetLastError
 .text          0x00000000614a08e0        0x8 C:/msys64/mingw64/bin/../lib/gcc/x86_64-w64-mingw32/8.2.1/../../../../x86_64-w64-mingw32/lib/../lib/libws2_32.a(dmgss00030.o)
                0x00000000614a08e0                WSACleanup
 *fill*         0x00000000614a08e8        0x8 
 .text          0x00000000614a08f0       0x30 C:/msys64/mingw64/bin/../lib/gcc/x86_64-w64-mingw32/8.2.1/../../../../x86_64-w64-mingw32/lib/../lib/libws2_32.a(lib64_libws2_32_a-gai_strerrorA.o)
                0x00000000614a08f0                gai_strerrorA
 .text          0x00000000614a0920       0x50 C:/msys64/mingw64/bin/../lib/gcc/x86_64-w64-mingw32/8.2.1/../../../../x86_64-w64-mingw32/lib/../lib/libws2_32.a(lib64_libws2_32_a-gai_strerrorW.o)
                0x00000000614a0920                gai_strerrorW
 .text          0x00000000614a0970        0x0 C:/msys64/mingw64/bin/../lib/gcc/x86_64-w64-mingw32/8.2.1/../../../../x86_64-w64-mingw32/lib/../lib/libws2_32.a(dmgsh.o)
 .text          0x00000000614a0970        0x0 C:/msys64/mingw64/bin/../lib/gcc/x86_64-w64-mingw32/8.2.1/../../../../x86_64-w64-mingw32/lib/../lib/libws2_32.a(dmgst.o)
 .text          0x00000000614a0970     0x40ab window/x86_64/libluajit.a(lj_vm.o)
                0x00000000614a0970                lj_vm_asm_begin
                0x00000000614a0970                lj_BC_ISLT
                0x00000000614a09cb                lj_BC_ISGE
                0x00000000614a0a26                lj_BC_ISLE
                0x00000000614a0a81                lj_BC_ISGT
                0x00000000614a0adc                lj_BC_ISEQV
                0x00000000614a0b71                lj_BC_ISNEV
                0x00000000614a0c09                lj_BC_ISEQS
                0x00000000614a0c58                lj_BC_ISNES
                0x00000000614a0ca7                lj_BC_ISEQN
                0x00000000614a0cf3                lj_BC_ISNEN
                0x00000000614a0d3f                lj_BC_ISEQP
                0x00000000614a0d7a                lj_BC_ISNEP
                0x00000000614a0db4                lj_BC_ISTC
                0x00000000614a0deb                lj_BC_ISFC
                0x00000000614a0e22                lj_BC_IST
                0x00000000614a0e52                lj_BC_ISF
                0x00000000614a0e82                lj_BC_ISTYPE
                0x00000000614a0ea4                lj_BC_ISNUM
                0x00000000614a0ec8                lj_BC_MOV
                0x00000000614a0ee2                lj_BC_NOT
                0x00000000614a0f13                lj_BC_UNM
                0x00000000614a0f4b                lj_BC_LEN
                0x00000000614a0fa5                lj_BC_ADDVN
                0x00000000614a0fde                lj_BC_SUBVN
                0x00000000614a1017                lj_BC_MULVN
                0x00000000614a1050                lj_BC_DIVVN
                0x00000000614a1089                lj_BC_MODVN
                0x00000000614a10c7                lj_BC_ADDNV
                0x00000000614a1100                lj_BC_SUBNV
                0x00000000614a1139                lj_BC_MULNV
                0x00000000614a1172                lj_BC_DIVNV
                0x00000000614a11ab                lj_BC_MODNV
                0x00000000614a11d2                lj_BC_ADDVV
                0x00000000614a121d                lj_BC_SUBVV
                0x00000000614a1268                lj_BC_MULVV
                0x00000000614a12b3                lj_BC_DIVVV
                0x00000000614a12fe                lj_BC_MODVV
                0x00000000614a1337                lj_BC_POW
                0x00000000614a1391                lj_BC_CAT
                0x00000000614a13e6                lj_BC_KSTR
                0x00000000614a1410                lj_BC_KCDATA
                0x00000000614a143a                lj_BC_KSHORT
                0x00000000614a1458                lj_BC_KNUM
                0x00000000614a1474                lj_BC_KPRI
                0x00000000614a1491                lj_BC_KNIL
                0x00000000614a14c3                lj_BC_UGET
                0x00000000614a14f2                lj_BC_USETV
                0x00000000614a155e                lj_BC_USETS
                0x00000000614a15c5                lj_BC_USETN
                0x00000000614a15f5                lj_BC_USETP
                0x00000000614a1626                lj_BC_UCLO
                0x00000000614a1660                lj_BC_FNEW
                0x00000000614a16b4                lj_BC_TNEW
                0x00000000614a172f                lj_BC_TDUP
                0x00000000614a1798                lj_BC_GGET
                0x00000000614a17b4                lj_BC_GSET
                0x00000000614a17d0                lj_BC_TGETV
                0x00000000614a1874                lj_BC_TGETS
                0x00000000614a1905                lj_BC_TGETB
                0x00000000614a196d                lj_BC_TGETR
                0x00000000614a19ad                lj_BC_TSETV
                0x00000000614a1a6f                lj_BC_TSETS
                0x00000000614a1b6c                lj_BC_TSETB
                0x00000000614a1bf2                lj_BC_TSETM
                0x00000000614a1c95                lj_BC_TSETR
                0x00000000614a1cf3                lj_BC_CALLM
                0x00000000614a1d33                lj_BC_CALL
                0x00000000614a1d6f                lj_BC_CALLMT
                0x00000000614a1d73                lj_BC_CALLT
                0x00000000614a1e32                lj_BC_ITERC
                0x00000000614a1e86                lj_BC_ITERN
                0x00000000614a1f22                lj_BC_VARG
                0x00000000614a1ff5                lj_BC_ISNEXT
                0x00000000614a2066                lj_BC_RETM
                0x00000000614a206a                lj_BC_RET
                0x00000000614a2101                lj_BC_RET0
                0x00000000614a216c                lj_BC_RET1
                0x00000000614a21e5                lj_BC_FORI
                0x00000000614a2257                lj_BC_JFORI
                0x00000000614a22d1                lj_BC_FORL
                0x00000000614a22e4                lj_BC_IFORL
                0x00000000614a232e                lj_BC_JFORL
                0x00000000614a2374                lj_BC_ITERL
                0x00000000614a2387                lj_BC_IITERL
                0x00000000614a23b2                lj_BC_JITERL
                0x00000000614a23d7                lj_BC_LOOP
                0x00000000614a23ea                lj_BC_ILOOP
                0x00000000614a23fc                lj_BC_JLOOP
                0x00000000614a247d                lj_BC_JMP
                0x00000000614a2497                lj_BC_FUNCF
                0x00000000614a24aa                lj_BC_IFUNCF
                0x00000000614a24ed                lj_BC_JFUNCF
                0x00000000614a2527                lj_BC_FUNCV
                0x00000000614a2527                lj_BC_IFUNCV
                0x00000000614a25ad                lj_BC_JFUNCV
                0x00000000614a25ae                lj_BC_FUNCC
                0x00000000614a2619                lj_BC_FUNCCW
                0x00000000614a2688                lj_vm_returnp
                0x00000000614a26b2                lj_vm_returnc
                0x00000000614a26cc                lj_vm_return
                0x00000000614a271f                lj_vm_leave_cp
                0x00000000614a272a                lj_vm_leave_unw
                0x00000000614a2771                lj_vm_unwind_yield
                0x00000000614a2775                lj_vm_unwind_c
                0x00000000614a277a                lj_vm_unwind_c_eh
                0x00000000614a278f                lj_vm_unwind_ff
                0x00000000614a278f                lj_vm_unwind_rethrow
                0x00000000614a2796                lj_vm_unwind_ff_eh
                0x00000000614a27de                lj_vm_growstack_c
                0x00000000614a27e5                lj_vm_growstack_v
                0x00000000614a27eb                lj_vm_growstack_f
                0x00000000614a2840                lj_vm_resume
                0x00000000614a28ca                lj_vm_pcall
                0x00000000614a28de                lj_vm_call
                0x00000000614a2940                lj_vm_call_dispatch
                0x00000000614a295d                lj_vm_call_dispatch_f
                0x00000000614a2977                lj_vm_cpcall
                0x00000000614a29d8                lj_cont_dispatch
                0x00000000614a2a29                lj_cont_cat
                0x00000000614a2a5f                lj_vmeta_tgets
                0x00000000614a2a96                lj_vmeta_tgetb
                0x00000000614a2aab                lj_vmeta_tgetv
                0x00000000614a2ae0                lj_cont_ra
                0x00000000614a2b22                lj_vmeta_tgetr
                0x00000000614a2b4b                lj_vmeta_tsets
                0x00000000614a2b82                lj_vmeta_tsetb
                0x00000000614a2b97                lj_vmeta_tsetv
                0x00000000614a2bd7                lj_cont_nop
                0x00000000614a2c1a                lj_vmeta_tsetr
                0x00000000614a2c3f                lj_vmeta_comp
                0x00000000614a2c9c                lj_cont_condt
                0x00000000614a2caf                lj_cont_condf
                0x00000000614a2cbc                lj_vmeta_equal
                0x00000000614a2ce9                lj_vmeta_equal_cd
                0x00000000614a2d0b                lj_vmeta_istype
                0x00000000614a2d2f                lj_vmeta_arith_vn
                0x00000000614a2d2f                lj_vmeta_arith_vno
                0x00000000614a2d35                lj_vmeta_arith_nv
                0x00000000614a2d35                lj_vmeta_arith_nvo
                0x00000000614a2d42                lj_vmeta_unm
                0x00000000614a2d4b                lj_vmeta_arith_vvo
                0x00000000614a2d4b                lj_vmeta_arith_vv
                0x00000000614a2d8b                lj_vmeta_binop
                0x00000000614a2da3                lj_vmeta_len
                0x00000000614a2dc7                lj_vmeta_call_ra
                0x00000000614a2dcc                lj_vmeta_call
                0x00000000614a2e34                lj_vmeta_for
                0x00000000614a2e64                lj_ff_assert
                0x00000000614a2eb1                lj_ff_type
                0x00000000614a2ef8                lj_ff_getmetatable
                0x00000000614a2fb0                lj_ff_setmetatable
                0x00000000614a302d                lj_ff_rawget
                0x00000000614a3079                lj_ff_tonumber
                0x00000000614a30a3                lj_ff_tostring
                0x00000000614a311f                lj_ff_next
                0x00000000614a3183                lj_fff_res2
                0x00000000614a31a4                lj_ff_pairs
                0x00000000614a3206                lj_ff_ipairs_aux
                0x00000000614a329f                lj_fff_res0
                0x00000000614a32a9                lj_ff_ipairs
                0x00000000614a330b                lj_ff_pcall
                0x00000000614a334a                lj_ff_xpcall
                0x00000000614a3380                lj_ff_coroutine_resume
                0x00000000614a3508                lj_ff_coroutine_wrap_aux
                0x00000000614a364d                lj_ff_coroutine_yield
                0x00000000614a367d                lj_ff_math_abs
                0x00000000614a36aa                lj_ff_math_sqrt
                0x00000000614a36c8                lj_fff_resxmm0
                0x00000000614a36d1                lj_fff_res1
                0x00000000614a36d6                lj_fff_res
                0x00000000614a36da                lj_fff_res_
                0x00000000614a3720                lj_ff_math_floor
                0x00000000614a373c                lj_ff_math_ceil
                0x00000000614a375b                lj_ff_math_log
                0x00000000614a3789                lj_ff_math_log10
                0x00000000614a37b7                lj_ff_math_exp
                0x00000000614a37e5                lj_ff_math_sin
                0x00000000614a3813                lj_ff_math_cos
                0x00000000614a3841                lj_ff_math_tan
                0x00000000614a386f                lj_ff_math_asin
                0x00000000614a389d                lj_ff_math_acos
                0x00000000614a38cb                lj_ff_math_atan
                0x00000000614a38f9                lj_ff_math_sinh
                0x00000000614a3927                lj_ff_math_cosh
                0x00000000614a3955                lj_ff_math_tanh
                0x00000000614a3983                lj_ff_math_pow
                0x00000000614a39c8                lj_ff_math_atan2
                0x00000000614a3a0d                lj_ff_math_fmod
                0x00000000614a3a52                lj_ff_math_ldexp
                0x00000000614a3a93                lj_ff_math_frexp
                0x00000000614a3ae1                lj_ff_math_modf
                0x00000000614a3b21                lj_ff_math_min
                0x00000000614a3b65                lj_ff_math_max
                0x00000000614a3ba9                lj_ff_string_byte
                0x00000000614a3be9                lj_ff_string_char
                0x00000000614a3c37                lj_fff_newstr
                0x00000000614a3c53                lj_fff_resstr
                0x00000000614a3c71                lj_ff_string_sub
                0x00000000614a3d1f                lj_fff_emptystr
                0x00000000614a3d24                lj_ff_string_reverse
                0x00000000614a3d93                lj_ff_string_lower
                0x00000000614a3e02                lj_ff_string_upper
                0x00000000614a3e71                lj_ff_bit_tobit
                0x00000000614a3eab                lj_ff_bit_band
                0x00000000614a3f16                lj_ff_bit_bor
                0x00000000614a3f81                lj_ff_bit_bxor
                0x00000000614a3fec                lj_ff_bit_bswap
                0x00000000614a4025                lj_ff_bit_bnot
                0x00000000614a405c                lj_fff_resbit
                0x00000000614a4065                lj_fff_fallback_bit_op
                0x00000000614a406d                lj_ff_bit_lshift
                0x00000000614a40c5                lj_ff_bit_rshift
                0x00000000614a4120                lj_ff_bit_arshift
                0x00000000614a417b                lj_ff_bit_rol
                0x00000000614a41d6                lj_ff_bit_ror
                0x00000000614a4225                lj_fff_fallback_2
                0x00000000614a422c                lj_fff_fallback_1
                0x00000000614a4231                lj_fff_fallback
                0x00000000614a42a7                lj_vm_call_tail
                0x00000000614a42e7                lj_fff_gcstep
                0x00000000614a4324                lj_vm_record
                0x00000000614a433f                lj_vm_rethook
                0x00000000614a434c                lj_vm_inshook
                0x00000000614a4392                lj_cont_hook
                0x00000000614a43a0                lj_vm_hotloop
                0x00000000614a43e2                lj_vm_callhook
                0x00000000614a43e9                lj_vm_hotcall
                0x00000000614a4439                lj_cont_stitch
                0x00000000614a44e0                lj_vm_profhook
                0x00000000614a4501                lj_vm_exit_handler
                0x00000000614a45f3                lj_vm_exit_interp
                0x00000000614a46e6                lj_vm_floor
                0x00000000614a46e6                lj_vm_floor_sse
                0x00000000614a4741                lj_vm_ceil
                0x00000000614a4741                lj_vm_ceil_sse
                0x00000000614a479c                lj_vm_trunc
                0x00000000614a479c                lj_vm_trunc_sse
                0x00000000614a47fa                lj_vm_mod
                0x00000000614a4870                lj_vm_powi_sse
                0x00000000614a48d2                lj_vm_cpuid
                0x00000000614a48eb                lj_assert_bad_for_arg_type
                0x00000000614a48ec                lj_vm_ffi_callback
                0x00000000614a498c                lj_cont_ffi_callback
                0x00000000614a49bd                lj_vm_ffi_call
 *fill*         0x00000000614a4a1b        0x5 
 .text          0x00000000614a4a20     0x17c0 window/x86_64/libluajit.a(lj_gc.o)
                0x00000000614a55d0                lj_gc_separateudata
                0x00000000614a5c00                lj_gc_finalize_udata
                0x00000000614a5c30                lj_gc_finalize_cdata
                0x00000000614a5d00                lj_gc_freeall
                0x00000000614a5d60                lj_gc_step
                0x00000000614a5e50                lj_gc_step_fixtop
                0x00000000614a5e80                lj_gc_step_jit
                0x00000000614a5f00                lj_gc_fullgc
                0x00000000614a5fc0                lj_gc_barrierf
                0x00000000614a5ff0                lj_gc_barrieruv
                0x00000000614a6030                lj_gc_closeuv
                0x00000000614a60c0                lj_gc_barriertrace
                0x00000000614a6100                lj_mem_realloc
                0x00000000614a6140                lj_mem_newgco
                0x00000000614a6190                lj_mem_grow
 .text          0x00000000614a61e0      0xd80 window/x86_64/libluajit.a(lj_err.o)
                0x00000000614a6470                lj_err_throw
                0x00000000614a64d0                lj_err_str
                0x00000000614a6500                lj_err_unwind_win
                0x00000000614a6620                lj_err_mem
                0x00000000614a6670                lj_err_run
                0x00000000614a6880                lj_err_msg
                0x00000000614a6890                lj_err_lex
                0x00000000614a6920                lj_err_optype
                0x00000000614a69f0                lj_err_comp
                0x00000000614a6a50                lj_err_optype_call
                0x00000000614a6ad0                lj_err_callermsg
                0x00000000614a6c10                lj_err_callerv
                0x00000000614a6c50                lj_err_caller
                0x00000000614a6c70                lj_err_argv
                0x00000000614a6cb0                lj_err_arg
                0x00000000614a6cd0                lj_err_argtype
                0x00000000614a6db0                lj_err_argt
                0x00000000614a6dd0                lua_atpanic
                0x00000000614a6df0                lua_error
                0x00000000614a6e00                luaL_argerror
                0x00000000614a6e10                luaL_typerror
                0x00000000614a6e20                luaL_where
                0x00000000614a6e60                luaL_error
                0x00000000614a6e90                lj_err_context
 .text          0x00000000614a6f60        0x0 window/x86_64/libluajit.a(lj_char.o)
 .text          0x00000000614a6f60        0x0 window/x86_64/libluajit.a(lj_bc.o)
 .text          0x00000000614a6f60       0xe0 window/x86_64/libluajit.a(lj_obj.o)
                0x00000000614a6f60                lj_obj_equal
                0x00000000614a6fe0                lj_obj_ptr
 .text          0x00000000614a7040      0x720 window/x86_64/libluajit.a(lj_buf.o)
                0x00000000614a70b0                lj_buf_need2
                0x00000000614a70e0                lj_buf_more2
                0x00000000614a7120                lj_buf_shrink
                0x00000000614a7180                lj_buf_tmp
                0x00000000614a71b0                lj_buf_putmem
                0x00000000614a7210                lj_buf_putchar
                0x00000000614a7250                lj_buf_putstr
                0x00000000614a72a0                lj_buf_putstr_reverse
                0x00000000614a7310                lj_buf_putstr_lower
                0x00000000614a7390                lj_buf_putstr_upper
                0x00000000614a7410                lj_buf_putstr_rep
                0x00000000614a74d0                lj_buf_puttab
                0x00000000614a7650                lj_buf_tostr
                0x00000000614a7670                lj_buf_cat2str
                0x00000000614a7710                lj_buf_ruleb128
 .text          0x00000000614a7760      0x4c0 window/x86_64/libluajit.a(lj_str.o)
                0x00000000614a7760                lj_str_cmp
                0x00000000614a77e0                lj_str_find
                0x00000000614a7880                lj_str_haspattern
                0x00000000614a78f0                lj_str_resize
                0x00000000614a79b0                lj_str_new
                0x00000000614a7bf0                lj_str_free
 .text          0x00000000614a7c20     0x13b0 window/x86_64/libluajit.a(lj_tab.o)
                0x00000000614a7e80                lj_tab_new
                0x00000000614a7f00                lj_tab_new_ah
                0x00000000614a7f40                lj_tab_new1
                0x00000000614a7fd0                lj_tab_dup
                0x00000000614a80d0                lj_tab_clear
                0x00000000614a8150                lj_tab_free
                0x00000000614a8220                lj_tab_getinth
                0x00000000614a82a0                lj_tab_getstr
                0x00000000614a82f0                lj_tab_get
                0x00000000614a8410                lj_tab_set
                0x00000000614a8530                lj_tab_newkey
                0x00000000614a86f0                lj_tab_setinth
                0x00000000614a8790                lj_tab_resize
                0x00000000614a8be0                lj_tab_rehash
                0x00000000614a8bf0                lj_tab_reasize
                0x00000000614a8c10                lj_tab_setstr
                0x00000000614a8c90                lj_tab_next
                0x00000000614a8e50                lj_tab_len
 .text          0x00000000614a8fd0      0x460 window/x86_64/libluajit.a(lj_func.o)
                0x00000000614a9020                lj_func_freeproto
                0x00000000614a9040                lj_func_closeuv
                0x00000000614a90d0                lj_func_freeuv
                0x00000000614a9110                lj_func_newC
                0x00000000614a9160                lj_func_newL_empty
                0x00000000614a9210                lj_func_newL_gc
                0x00000000614a93f0                lj_func_free
 .text          0x00000000614a9430       0x80 window/x86_64/libluajit.a(lj_udata.o)
                0x00000000614a9430                lj_udata_new
                0x00000000614a9490                lj_udata_free
 .text          0x00000000614a94b0     0x1110 window/x86_64/libluajit.a(lj_meta.o)
                0x00000000614a9500                lj_meta_init
                0x00000000614a95a0                lj_meta_cache
                0x00000000614a95e0                lj_meta_lookup
                0x00000000614a9670                lj_meta_tailcall
                0x00000000614a96c0                lj_meta_tget
                0x00000000614a9820                lj_meta_tset
                0x00000000614a9a70                lj_meta_arith
                0x00000000614a9bc0                lj_meta_cat
                0x00000000614a9e60                lj_meta_len
                0x00000000614a9f00                lj_meta_equal
                0x00000000614aa040                lj_meta_equal_cd
                0x00000000614aa1b0                lj_meta_comp
                0x00000000614aa410                lj_meta_istype
                0x00000000614aa470                lj_meta_call
                0x00000000614aa4e0                lj_meta_for
 .text          0x00000000614aa5c0     0x17f0 window/x86_64/libluajit.a(lj_debug.o)
                0x00000000614aaa20                lj_debug_frame
                0x00000000614aaae0                lj_debug_line
                0x00000000614aab80                lj_debug_uvname
                0x00000000614aabc0                lj_debug_uvnamev
                0x00000000614aac50                lj_debug_slotname
                0x00000000614aade0                lj_debug_funcname
                0x00000000614aaf00                lj_debug_shortname
                0x00000000614ab040                lj_debug_addloc
                0x00000000614ab0e0                lj_debug_pushloc
                0x00000000614ab220                lua_getlocal
                0x00000000614ab2d0                lua_setlocal
                0x00000000614ab320                lj_debug_getinfo
                0x00000000614ab740                lua_getinfo
                0x00000000614ab750                lua_getstack
                0x00000000614ab7b0                lj_debug_dumpstack
                0x00000000614abb50                luaL_traceback
 .text          0x00000000614abdb0      0x710 window/x86_64/libluajit.a(lj_state.o)
                0x00000000614ac090                lj_state_relimitstack
                0x00000000614ac0c0                lj_state_shrinkstack
                0x00000000614ac100                lj_state_growstack
                0x00000000614ac170                lj_state_growstack1
                0x00000000614ac180                lua_newstate
                0x00000000614ac310                lua_close
                0x00000000614ac3e0                lj_state_new
                0x00000000614ac450                lj_state_free
 .text          0x00000000614ac4c0      0xef0 window/x86_64/libluajit.a(lj_dispatch.o)
                0x00000000614ac670                lj_dispatch_init
                0x00000000614ac740                lj_dispatch_init_hotcount
                0x00000000614ac770                lj_dispatch_update
                0x00000000614acaa0                luaJIT_setmode
                0x00000000614acd40                luaJIT_version_2_1_0_beta3
                0x00000000614acd50                lua_sethook
                0x00000000614acdc0                lua_gethook
                0x00000000614acdd0                lua_gethookmask
                0x00000000614acde0                lua_gethookcount
                0x00000000614acdf0                lj_dispatch_ins
                0x00000000614acfd0                lj_dispatch_call
                0x00000000614ad260                lj_dispatch_stitch
                0x00000000614ad300                lj_dispatch_profile
 .text          0x00000000614ad3b0      0x210 window/x86_64/libluajit.a(lj_vmevent.o)
                0x00000000614ad3b0                lj_vmevent_prepare
                0x00000000614ad4c0                lj_vmevent_call
 .text          0x00000000614ad5c0      0x2e0 window/x86_64/libluajit.a(lj_vmmath.o)
                0x00000000614ad5c0                lj_vm_foldarith
                0x00000000614ad6f0                lj_vm_modi
                0x00000000614ad740                lj_vm_log2
                0x00000000614ad760                lj_vm_exp2
                0x00000000614ad770                lj_vm_foldfpm
                0x00000000614ad880                lj_vm_errno
 .text          0x00000000614ad8a0     0x1420 window/x86_64/libluajit.a(lj_strscan.o)
                0x00000000614ae0f0                lj_strscan_scan
                0x00000000614aeca0                lj_strscan_num
 .text          0x00000000614aecc0     0x12f0 window/x86_64/libluajit.a(lj_strfmt.o)
                0x00000000614aecc0                lj_strfmt_parse
                0x00000000614aeef0                lj_strfmt_wint
                0x00000000614af1a0                lj_strfmt_wptr
                0x00000000614af220                lj_strfmt_wuleb128
                0x00000000614af240                lj_strfmt_wstrnum
                0x00000000614af2e0                lj_strfmt_putint
                0x00000000614af330                lj_strfmt_putnum
                0x00000000614af340                lj_strfmt_putptr
                0x00000000614af390                lj_strfmt_putquoted
                0x00000000614af520                lj_strfmt_putfchar
                0x00000000614af5f0                lj_strfmt_putfstr
                0x00000000614af6d0                lj_strfmt_putfxint
                0x00000000614afaf0                lj_strfmt_putfnum_int
                0x00000000614afb20                lj_strfmt_putfnum_uint
                0x00000000614afb50                lj_strfmt_int
                0x00000000614afb80                lj_strfmt_number
                0x00000000614afb90                lj_strfmt_char
                0x00000000614afbb0                lj_strfmt_obj
                0x00000000614afd20                lj_strfmt_pushvf
                0x00000000614aff80                lj_strfmt_pushf
 .text          0x00000000614affb0     0x1b50 window/x86_64/libluajit.a(lj_strfmt_num.o)
                0x00000000614b1aa0                lj_strfmt_putfnum
                0x00000000614b1ac0                lj_strfmt_num
 .text          0x00000000614b1b00     0x2b00 window/x86_64/libluajit.a(lj_api.o)
                0x00000000614b1d60                lua_status
                0x00000000614b1d70                lua_checkstack
                0x00000000614b1dd0                luaL_checkstack
                0x00000000614b1e00                lua_xmove
                0x00000000614b1ea0                lua_version
                0x00000000614b1eb0                lua_gettop
                0x00000000614b1ec0                lua_settop
                0x00000000614b1f50                lua_remove
                0x00000000614b1fa0                lua_insert
                0x00000000614b2000                lua_replace
                0x00000000614b2060                lua_copy
                0x00000000614b20b0                lua_pushvalue
                0x00000000614b20f0                lua_type
                0x00000000614b2140                luaL_checktype
                0x00000000614b2170                luaL_checkany
                0x00000000614b21b0                lua_typename
                0x00000000614b21d0                lua_iscfunction
                0x00000000614b2210                lua_isnumber
                0x00000000614b2270                lua_isstring
                0x00000000614b22a0                lua_isuserdata
                0x00000000614b22d0                lua_rawequal
                0x00000000614b2320                lua_equal
                0x00000000614b2450                lua_lessthan
                0x00000000614b2540                lua_tonumber
                0x00000000614b25b0                lua_tonumberx
                0x00000000614b2630                luaL_checknumber
                0x00000000614b26a0                luaL_optnumber
                0x00000000614b2720                lua_tointeger
                0x00000000614b2790                lua_tointegerx
                0x00000000614b2810                luaL_checkinteger
                0x00000000614b2890                luaL_optinteger
                0x00000000614b2920                lua_toboolean
                0x00000000614b2940                lua_tolstring
                0x00000000614b29f0                luaL_checklstring
                0x00000000614b2aa0                luaL_optlstring
                0x00000000614b2b70                luaL_checkoption
                0x00000000614b2c00                lua_objlen
                0x00000000614b2cc0                lua_tocfunction
                0x00000000614b2d10                lua_touserdata
                0x00000000614b2d60                lua_tothread
                0x00000000614b2d90                lua_topointer
                0x00000000614b2db0                lua_pushnil
                0x00000000614b2de0                lua_pushnumber
                0x00000000614b2e20                lua_pushinteger
                0x00000000614b2e50                lua_pushlstring
                0x00000000614b2ed0                lua_pushstring
                0x00000000614b2f60                lua_pushvfstring
                0x00000000614b2fb0                lua_pushfstring
                0x00000000614b3010                lua_pushcclosure
                0x00000000614b3100                lua_pushboolean
                0x00000000614b3140                lua_pushlightuserdata
                0x00000000614b3190                lua_createtable
                0x00000000614b3210                luaL_newmetatable
                0x00000000614b32e0                lua_pushthread
                0x00000000614b3330                lua_newthread
                0x00000000614b33b0                lua_newuserdata
                0x00000000614b3480                lua_concat
                0x00000000614b3550                lua_gettable
                0x00000000614b35d0                lua_getfield
                0x00000000614b3680                lua_rawget
                0x00000000614b36c0                lua_rawgeti
                0x00000000614b3750                lua_getmetatable
                0x00000000614b3800                luaL_getmetafield
                0x00000000614b3890                lua_getfenv
                0x00000000614b3940                lua_next
                0x00000000614b39c0                lua_getupvalue
                0x00000000614b3a30                lua_upvalueid
                0x00000000614b3a70                lua_upvaluejoin
                0x00000000614b3b00                luaL_testudata
                0x00000000614b3b90                luaL_checkudata
                0x00000000614b3bc0                lua_settable
                0x00000000614b3c30                lua_setfield
                0x00000000614b3cd0                lua_rawset
                0x00000000614b3d40                lua_rawseti
                0x00000000614b3de0                lua_setmetatable
                0x00000000614b3f40                luaL_setmetatable
                0x00000000614b3f70                lua_setfenv
                0x00000000614b4010                lua_setupvalue
                0x00000000614b40a0                lua_call
                0x00000000614b4110                lua_pcall
                0x00000000614b41f0                lua_cpcall
                0x00000000614b4230                luaL_callmeta
                0x00000000614b42a0                lua_isyieldable
                0x00000000614b42b0                lua_yield
                0x00000000614b43a0                lua_resume
                0x00000000614b4490                lua_gc
                0x00000000614b45d0                lua_getallocf
                0x00000000614b45f0                lua_setallocf
 .text          0x00000000614b4600      0x570 window/x86_64/libluajit.a(lj_profile.o)
                0x00000000614b46d0                lj_profile_hook_enter
                0x00000000614b4720                lj_profile_hook_leave
                0x00000000614b4770                lj_profile_interpreter
                0x00000000614b4840                luaJIT_profile_stop
                0x00000000614b4900                luaJIT_profile_start
                0x00000000614b4b20                luaJIT_profile_dumpstack
 .text          0x00000000614b4b70     0x16d0 window/x86_64/libluajit.a(lj_lex.o)
                0x00000000614b4c50                lj_lex_cleanup
                0x00000000614b4cd0                lj_lex_token2str
                0x00000000614b4d30                lj_lex_error
                0x00000000614b4e60                lj_lex_setup
                0x00000000614b6160                lj_lex_next
                0x00000000614b61b0                lj_lex_lookahead
                0x00000000614b61d0                lj_lex_init
 .text          0x00000000614b6240     0x5330 window/x86_64/libluajit.a(lj_parse.o)
                0x00000000614b8460                lj_parse_keepstr
                0x00000000614bb410                lj_parse_keepcdata
                0x00000000614bb450                lj_parse
 .text          0x00000000614bb570      0xcb0 window/x86_64/libluajit.a(lj_bcread.o)
                0x00000000614bb830                lj_bcread_proto
                0x00000000614bbf70                lj_bcread
 .text          0x00000000614bc220      0xa00 window/x86_64/libluajit.a(lj_bcwrite.o)
                0x00000000614bcb90                lj_bcwrite
 .text          0x00000000614bcc20      0x510 window/x86_64/libluajit.a(lj_load.o)
                0x00000000614bcd90                lua_loadx
                0x00000000614bce40                lua_load
                0x00000000614bce60                luaL_loadfilex
                0x00000000614bd000                luaL_loadfile
                0x00000000614bd010                luaL_loadbufferx
                0x00000000614bd040                luaL_loadbuffer
                0x00000000614bd070                luaL_loadstring
                0x00000000614bd0c0                lua_dump
 .text          0x00000000614bd130      0xc40 window/x86_64/libluajit.a(lj_ir.o)
                0x00000000614bd270                lj_ir_growtop
                0x00000000614bd310                lj_ir_emit